0x1400870389900455
由缓存生成:
0x2f2f414553646566696e65204145535f3132383078313030303023646566696e65204145535f3139323078323030303023640a6566696e65204145535f3235363078333030303023646566696e65204145535f45434230783030303031230a646566696e65204145535f4342433078303030303223646566696e65204145535f434642093078303030303323646566696e65204145535f4f464209090930783030303034
==: Yes
>: No
>=: Yes
类型转换:
加法测试:
0x1000ff00
0

减法测试:
0x0fff00fe
0xffffffffffffffffffffffffffffffffffffffffffffffffffffffffffffffffffffffffffffffffffffffffffffffffffffffffffffffffffffffffffffffffffffffffffffffffffffffffffffffffffffffffffffffffffffffffffffffffffffffffffffffffffffffffffffffffffffffffffffffffffffffffffffffffffffffffffffffffffffffffffffffffffffffffffffffffffffffffffffffffffffffffffffffffffffffffffffffffffffffffffffffffffffffffffffffffffffffffffffffffffffffffffffffffffffffffffffffffffffffffffffffffffffffffffffffffffffffffffffffffffffffffffffffffffffffffffffffffffffffffffffffffffffffffffffffffffffffffffffffffffffffffffffffffffffffffffffffffffffffffffffffffffffffffffffffffffffffffffffffffffffffffffffffffffffffffffffffffffffffffffffffffffffffffffffffffffffffffffffffffffffffffffffffffffffffffffffffffffffffffffffffffffffffffffffffffffffffffffffffffffffffffffffffffffffffffffffffffffffffffffffffffffffffffffffffffffffffffffffffffffffffffffffffffffffffffffffffffffffffffffffffffffffffffffffffffffffffffffffffffffffffffffffffffffffffffffffffffffffffffffffffffffffffffffffffff

自增测试:
0xff04
0xff05

移位测试:
0b0000001111111111
0b11111111
0b00000011
0b00000001
0
0x06
0b1111111111111111111111111111111111111111111111111111111111111111111111111111111111111111111111111111111111111111111111111111111111111111111111111111111111111111111111111111111111111111111111111111111111111111111111111111111111111111111111111111111111111111111111111111111111111111111111111111111111111111111111111111111111111111111111111111111111111111111111111111111111111111111111111111111111111111111111111111111111111111111111111111111111111111111111111111111111111111111111111111111111111111111111111111111111111111111111111111111111111111111111111111111111111111111111111111111111111111111111111111111111111111111111111111111111111111111111111111111111111111111111111111111111111111111111111111111111111111111111111111111111111111111111111111111111111111111111111111111111111111111111111111111111111111111111111111111111111111111111111111111111111111111111111111111111111111111111111111111111111111111111111111111111111111111111111111111111111111111111111111111111111111111111111111111111111111111111111111111111111111111111111111111111111111111111111111111111111111111111111111111111111111111111111111111111111111111111111111111111111111111111111111111111111111111111111111111111111111111111111111111111111111111111111111111111111111111111111111111111111111111111111111111111111111111111111111111111111111111111111111111111111111111111111111111111111111111111111111111111111111111111111111111111111111111111111111111111111111111111111111111111111111111111111111111111111111111111111111111111111111111111111111111111111111111111111111111111111111111111111111111111111111111111111111111111111111111111111111111111111111111111111111111111111111111111111111111111111111111111111111111111111111111111111111111111111111111111111111111111111111111111111111111111111111111111111111111111111111111111111111111111111111111111111111111111111111111111111111111111111111111111111111111111111111111111111111111111111111111111111111111111111111111111111111111111111111111111111111111111111111111111111111111111111111111111111111111111111111111111111111111111111111111111111111111111111111111111111111111111111111111111111111111111111111111111111111111111111111111111111111111111111111111111111111111111111111111111111111111111111111111111111111111111111111111111111111111111111111111111111111111111111111111111111111111111111111111111111111111111111111111111111111111111111111111111111111111111111111111111111111111111111111111111111111111111111111111111111111111111111111111111111111111111111111111111111111111111111111111111111111111111111111111111111111111111111111111111111111111111111111111111111111111111111111111111111111111111111111111111111111111111111111111111111111111111111111111111111111111111111111111111111111111111111111111111111111111111111111111111111111111111111111111111111111111111111111111111111111111111111111111111111111111111111111111111111111111111111111111111111111111111111111111111111111111111111111111111111111111111111111111111111111111111111111111111111111111111111111111111111111111111111111111111111111111111111111111111111111111111111111111111111111111111111111111111111111111111111111111111111111111111111111111111111111111111111111111111111111111111111111111111111111111111111111111111111111111111111111111111111111111111111111111111111111111111111111111111111111111111111111111111111111111111111111111111111111111111111111111111111111111111111111111111111111111111111111111111111111111111111111111111111111111111111111111111111111111111111111111111111111111111111111111111111111111111111111111111111111111111111111111111111111111111111111111111111111111111111111111111111111111111111111111111111111111111111111111111111111111111111111111111111111111111111111111111111111111111111111111111111111111111111111111111111111111111111111111111111111111111111111111111111111111111111111111111111111111111111111111111111111111111111111111111111111111111111111111111111111111111111111111111111111111111111111111111111111111111111111111111111111111111111111111111111111111111111111111111111111111111111111111111111111111111111111111111111111111111111111111111111111110000000000
0b1111111111111111111111111111111111111111111111111111111111111111111111111111111111111111111111111111111111111111111111111111111111111111111111111111111111111111111111111111111111111111111111111111111111111111111111111111111111111111111111111111111111111111111111111111111111111111111111111111111111111111111111111111111111111111111111111111111111111111111111111111111111111111111111111111111111111111111111111111111111111111111111111111111111111111111111111111111111111111111111111111111111111111111111111111111111111111111111111111111111111111111111111111111111111111111111111111111111111111111111111111111111111111111111111111111111111111111111111111111111111111111111111111111111111111111111111111111111111111111111111111111111111111111111111111111111111111111111111111111111111111111111111111111111111111111111111111111111111111111111111111111111111111111111111111111111111111111111111111111111111111111111111111111111111111111111111111111111111111111111111111111111111111111111111111111111111111111111111111111111111111111111111111111111111111111111111111111111111111111111111111111111111111111111111111111111111111111111111111111111111111111111111111111111111111111111111111111111111111111111111111111111111111111111111111111111111111111111111111111111111111111111111111111111111111111111111111111111111111111111111111111111111111111111111111111111111111111111111111111111111111111111111111111111111111111111111111111111111111111111111111111111111111111111111111111111111111111111111111111111111111111111111111111111111111111111111111111111111111111111111111111111111111111111111111111111111111111111111111111111111111111111111111111111111111111111111111111111111111111111111111111111111111111111111111111111111111111111111111111111111111111111111111111111111111111111111111111111111111111111111111111111111111111111111111111111111111111111111111111111111111111111111111111111111111111111111111111111111111111111111111111111111111111111111111111111111111111111111111111111111111111111111111111111111111111111111111111111111111111111111111111111111111111111111111111111111111111111111111111111111111111111111111111111111111111111111111111111111111111111111111111111111111111111111111111111111111111111111111111111111111111111111111111111111111111111111111111111111111111111111111111111111111111111111111111111111111111111111111111111111111111111111111111111111111111111111111111111111111111111111111111111111111111111111111111111111111111111111111111111111111111111111111111111111111111111111111111111111111111111111111111111111111111111111111111111111111111111111111111111111111111111111111111111111111111111111111111111111111111111111111111111111111111111111111111111111111111111111111111111111111111111111111111111111111111111111111111111111111111111111111111111111111111111111111111111111111111111111111111111111111111111111111111111111111111111111111111111111111111111111111111111111111111111111111111111111111111111111111111111111111111111111111111111111111111111111111111111111111111111111111111111111111111111111111111111111111111111111111111111111111111111111111111111111111111111111111111111111111111111111111111111111111111111111111111111111111111111111111111111111111111111111111111111111111111111111111111111111111111111111111111111111111111111111111111111111111111111111111111111111111111111111111111111111111111111111111111111111111111111111111111111111111111111111111111111111111111111111111111111111111111111111111111111111111111111111111111111111111111111111111111111111111111111111111111111111111111111111111111111111111111111111111111111111111111111111111111111111111111111111111111111111111111111111111111111111111111111111111111111111111111111111111111111111111111111111111111111111111111111111111111111111111111111111111111111111111111111111111111111111111111111111111111111111111111111111111111111111111111111111111111111111111111111111111111111111111111111111111111111111111111111111111111111111111111111111111111111111111111111111111111111111111111111111111111111111111111111111111111111111111111111111111111111111111111111111111111111111111111111111111000000000000
0b1111111111111111111111111111111111111111111111111111111111111111111111111111111111111111111111111111111111111111111111111111111111111111111111111111111111111111111111111111111111111111111111111111111111111111111111111111111111111111111111111111111111111111111111111111111111111111111111111111111111111111111111111111111111111111111111111111111111111111111111111111111111111111111111111111111111111111111111111111111111111111111111111111111111111111111111111111111111111111111111111111111111111111111111111111111111111111111111111111111111111111111111111111111111111111111111111111111111111111111111111111111111111111111111111111111111111111111111111111111111111111111111111111111111111111111111111111111111111111111111111111111111111111111111111111111111111111111111111111111111111111111111111111111111111111111111111111111111111111111111111111111111111111111111111111111111111111111111111111111111111111111111111111111111111111111111111111111111111111111111111111111111111111111111111111111111111111111111111111111111111111111111111111111111111111111111111111111111111111111111111111111111111111111111111111111111111111111111111111111111111111111111111111111111111111111111111111111111111111111111111111111111111111111111111111111111111111111111111111111111111111111111111111111111111111111111111111111111111111111111111111111111111111111111111111111111111111111111111111111111111111111111111111111111111111111111111111111111111111111111111111111111111111111111111111111111111111111111111111111111111111111111111111111111111111111111111111111111111111111111111111111111111111111111111111111111111111111111111111111111111111111111111111111111111111111111111111111111111111111111111111111111111111111111111111111111111111111111111111111111111111111111111111111111111111111111111111111111111111111111111111111111111111111111111111111111111111111111111111111111111111111111111111111111111111111111111111111111111111111111111111111111111111111111111111111111111111111111111111111111111111111111111111111111111111111111111111111111111111111111111111111111111111111111111111111111111111111111111111111111111111111111111111111111111111111111111111111111111111111111111111111111111111111111111111111111111111111111111111111111111111111111111111111111111111111111111111111111111111111111111111111111111111111111111111111111111111111111111111111111111111111111111111111111111111111111111111111111111111111111111111111111111111111111111111111111111111111111111111111111111111111111111111111111111111111111111111111111111111111111111111111111111111111111111111111111111111111111111111111111111111111111111111111111111111111111111111111111111111111111111111111111111111111111111111111111111111111111111111111111111111111111111111111111111111111111111111111111111111111111111111111111111111111111111111111111111111111111111111111111111111111111111111111111111111111111111111111111111111111111111111111111111111111111111111111111111111111111111111111111111111111111111111111111111111111111111111111111111111111111111111111111111111111111111111111111111111111111111111111111111111111111111111111111111111111111111111111111111111111111111111111111111111111111111111111111111111111111111111111111111111111111111111111111111111111111111111111111111111111111111111111111111111111111111111111111111111111111111111111111111111111111111111111111111111111111111111111111111111111111111111111111111111111111111111111111111111111111111111111111111111111111111111111111111111111111111111111111111111111111111111111111111111111111111111111111111111111111111111111111111111111111111111111111111111111111111111111111111111111111111111111111111111111111111111111111111111111111111111111111111111111111111111111111111111111111111111111111111111111111111111111111111111111111111111111111111111111111111111111111111111111111111111111111111111111111111111111111111111111111111111111111111111111111111111111111111111111111111111111111111111111111111111111111111111111111111111111111111111111111111111111111111111111111111111111111111111111111111111111111111111111111111111111111111111111111111111111111111111111111000000000000000000
0b1111111111111111111111111111111111111111111111111111111111111111111111111111111111111111111111111111111111111111111111111111111111111111111111111111111111111111111111111111111111111111111111111111111111111111111111111111111111111111111111111111111111111111111111111111111111111111111111111111111111111111111111111111111111111111111111111111111111111111111111111111111111111111111111111111111111111111111111111111111111111111111111111111111111111111111111111111111111111111111111111111111111111111111111111111111111111111111111111111111111111111111111111111111111111111111111111111111111111111111111111111111111111111111111111111111111111111111111111111111111111111111111111111111111111111111111111111111111111111111111111111111111111111111111111111111111111111111111111111111111111111111111111111111111111111111111111111111111111111111111111111111111111111111111111111111111111111111111111111111111111111111111111111111111111111111111111111111111111111111111111111111111111111111111111111111111111111111111111111111111111111111111111111111111111111111111111111111111111111111111111111111111111111111111111111111111111111111111111111111111111111111111111111111111111111111111111111111111111111111111111111111111111111111111111111111111111111111111111111111111111111111111111111111111111111111111111111111111111111111111111111111111111111111111111111111111111111111111111111111111111111111111111111111111111111111111111111111111111111111111111111111111111111111111111111111111111111111111111111111111111111111111111111111111111111111111111111111111111111111111111111111111111111111111111111111111111111111111111111111111111111111111111111111111111111111111111111111111111111111111111111111111111111111111111111111111111111111111111111111111111111111111111111111111111111111111111111111111111111111111111111111111111111111111111111111111111111111111111111111111111111111111111111111111111111111111111111111111111111111111111111111111111111111111111111111111111111111111111111111111111111111111111111111111111111111111111111111111111111111111111111111111111111111111111111111111111111111111111111111111111111111111111111111111111111111111111111111111111111111111111111111111111111111111111111111111111111111111111111111111111111111111111111111111111111111111111111111111111111111111111111111111111111111111111111111111111111111111111111111111111111111111111111111111111111111111111111111111111111111111111111111111111111111111111111111111111111111111111111111111111111111111111111111111111111111111111111111111111111111111111111111111111111111111111111111111111111111111111111111111111111111111111111111111111111111111111111111111111111111111111111111111111111111111111111111111111111111111111111111111111111111111111111111111111111111111111111111111111111111111111111111111111111111111111111111111111111111111111111111111111111111111111111111111111111111111111111111111111111111111111111111111111111111111111111111111111111111111111111111111111111111111111111111111111111111111111111111111111111111111111111111111111111111111111111111111111111111111111111111111111111111111111111111111111111111111111111111111111111111111111111111111111111111111111111111111111111111111111111111111111111111111111111111111111111111111111111111111111111111111111111111111111111111111111111111111111111111111111111111111111111111111111111111111111111111111111111111111111111111111111111111111111111111111111111111111111111111111111111111111111111111111111111111111111111111111111111111111111111111111111111111111111111111111111111111111111111111111111111111111111111111111111111111111111111111111111111111111111111111111111111111111111111111111111111111111111111111111111111111111111111111111111111111111111111111111111111111111111111111111111111111111111111111111111111111111111111111111111111111111111111111111111111111111111111111111111111111111111111111111111111111111111111111111111111111111111111111111111111111111111111111111111111111111111111111111111111111111111111111111111111111111111111111111111111111111111111111111111111111111111111111111111111111111111111111111111111111111111111111110000000000000000000
0b1111111111111111111111111111111111111111111111111111111111111111111111111111111111111111111111111111111111111111111111111111111111111111111111111111111111111111111111111111111111111111111111111111111111111111111111111111111111111111111111111111111111111111111111111111111111111111111111111111111111111111111111111111111111111111111111111111111111111111111111111111111111111111111111111111111111111111111111111111111111111111111111111111111111111111111111111111111111111111111111111111111111111111111111111111111111111111111111111111111111111111111111111111111111111111111111111111111111111111111111111111111111111111111111111111111111111111111111111111111111111111111111111111111111111111111111111111111111111111111111111111111111111111111111111111111111111111111111111111111111111111111111111111111111111111111111111111111111111111111111111111111111111111111111111111111111111111111111111111111111111111111111111111111111111111111111111111111111111111111111111111111111111111111111111111111111111111111111111111111111111111111111111111111111111111111111111111111111111111111111111111111111111111111111111111111111111111111111111111111111111111111111111111111111111111111111111111111111111111111111111111111111111111111111111111111111111111111111111111111111111111111111111111111111111111111111111111111111111111111111111111111111111111111111111111111111111111111111111111111111111111111111111111111111111111111111111111111111111111111111111111111111111111111111111111111111111111111111111111111111111111111111111111111111111111111111111111111111111111111111111111111111111111111111111111111111111111111111111111111111111111111111111111111111111111111111111111111111111111111111111111111111111111111111111111111111111111111111111111111111111111111111111111111111111111111111111111111111111111111111111111111111111111111111111111111111111111111111111111111111111111111111111111111111111111111111111111111111111111111111111111111111111111111111111111111111111111111111111111111111111111111111111111111111111111111111111111111111111111111111111111111111111111111111111111111111111111111111111111111111111111111111111111111111111111111111111111111111111111111111111111111111111111111111111111111111111111111111111111111111111111111111111111111111111111111111111111111111111111111111111111111111111111111111111111111111111111111111111111111111111111111111111111111111111111111111111111111111111111111111111111111111111111111111111111111111111111111111111111111111111111111111111111111111111111111111111111111111111111111111111111111111111111111111111111111111111111111111111111111111111111111111111111111111111111111111111111111111111111111111111111111111111111111111111111111111111111111111111111111111111111111111111111111111111111111111111111111111111111111111111111111111111111111111111111111111111111111111111111111111111111111111111111111111111111111111111111111111111111111111111111111111111111111111111111111111111111111111111111111111111111111111111111111111111111111111111111111111111111111111111111111111111111111111111111111111111111111111111111111111111111111111111111111111111111111111111111111111111111111111111111111111111111111111111111111111111111111111111111111111111111111111111111111111111111111111111111111111111111111111111111111111111111111111111111111111111111111111111111111111111111111111111111111111111111111111111111111111111111111111111111111111111111111111111111111111111111111111111111111111111111111111111111111111111111111111111111111111111111111111111111111111111111111111111111111111111111111111111111111111111111111111111111111111111111111111111111111111111111111111111111111111111111111111111111111111111111111111111111111111111111111111111111111111111111111111111111111111111111111111111111111111111111111111111111111111111111111111111111111111111111111111111111111111111111111111111111111111111111111111111111111111111111111111111111111111111111111111111111111111111111111111111111111111111111111111111111111111111111111111111111111111111111111111111111111111111111111111111111111111111111111111111111111111111111111111111111111111111111100000000000000000000000
0b1111111111111111111111111111111111111111111111111111111111111111111111111111111111111111111111111111111111111111111111111111111111111111111111111111111111111111111111111111111111111111111111111111111111111111111111111111111111111111111111111111111111111111111111111111111111111111111111111111111111111111111111111111111111111111111111111111111111111111111111111111111111111111111111111111111111111111111111111111111111111111111111111111111111111111111111111111111111111111111111111111111111111111111111111111111111111111111111111111111111111111111111111111111111111111111111111111111111111111111111111111111111111111111111111111111111111111111111111111111111111111111111111111111111111111111111111111111111111111111111111111111111111111111111111111111111111111111111111111111111111111111111111111111111111111111111111111111111111111111111111111111111111111111111111111111111111111111111111111111111111111111111111111111111111111111111111111111111111111111111111111111111111111111111111111111111111111111111111111111111111111111111111111111111111111111111111111111111111111111111111111111111111111111111111111111111111111111111111111111111111111111111111111111111111111111111111111111111111111111111111111111111111111111111111111111111111111111111111111111111111111111111111111111111111111111111111111111111111111111111111111111111111111111111111111111111111111111111111111111111111111111111111111111111111111111111111111111111111111111111111111111111111111111111111111111111111111111111111111111111111111111111111111111111111111111111111111111111111111111111111111111111111111111111111111111111111111111111111111111111111111111111111111111111111111111111111111111111111111111111111111111111111111111111111111111111111111111111111111111111111111111111111111111111111111111111111111111111111111111111111111111111111111111111111111111111111111111111111111111111111111111111111111111111111111111111111111111111111111111111111111111111111111111111111111111111111111111111111111111111111111111111111111111111111111111111111111111111111111111111111111111111111111111111111111111111111111111111111111111111111111111111111111111111111111111111111111111111111111111111111111111111111111111111111111111111111111111111111111111111111111111111111111111111111111111111111111111111111111111111111111111111111111111111111111111111111111111111111111111111111111111111111111111111111111111111111111111111111111111111111111111111111111111111111111111111111111111111111111111111111111111111111111111111111111111111111111111111111111111111111111111111111111111111111111111111111111111111111111111111111111111111111111111111111111111111111111111111111111111111111111111111111111111111111111111111111111111111111111111111111111111111111111111111111111111111111111111111111111111111111111111111111111111111111111111111111111111111111111111111111111111111111111111111111111111111111111111111111111111111111111111111111111111111111111111111111111111111111111111111111111111111111111111111111111111111111111111111111111111111111111111111111111111111111111111111111111111111111111111111111111111111111111111111111111111111111111111111111111111111111111111111111111111111111111111111111111111111111111111111111111111111111111111111111111111111111111111111111111111111111111111111111111111111111111111111111111111111111111111111111111111111111111111111111111111111111111111111111111111111111111111111111111111111111111111111111111111111111111111111111111111111111111111111111111111111111111111111111111111111111111111111111111111111111111111111111111111111111111111111111111111111111111111111111111111111111111111111111111111111111111111111111111111111111111111111111111111111111111111111111111111111111111111111111111111111111111111111111111111111111111111111111111111111111111111111111111111111111111111111111111111111111111111111111111111111111111111111111111111111111111111111111111111111111111111111111111111111111111111111111111111111111111111111111111111111111111111111111111111111111111111111111111111111111111111111111111111111111111111111111111111111111111111111111111111111111111111111111100000000000000000000000000

乘法测试:
0x0526a929
*= 测试:
0xbc614f
0x0178c29e

取模测试：
0x30
奇数生成测试:
第1个:		0x01	是
第2个:		0x01	是
第3个:		0x03	是
第4个:		0x07	是
第5个:		0x0f	是
第6个:		0x11	是
第7个:		0x27	是
第8个:		0x45	是
第9个:		0xf7	是
第10个:		0x0103	是
第11个:		0x031b	是
第12个:		0x06d9	是
第13个:		0x0af1	是
第14个:		0x1adb	是
第15个:		0x3567	是
第16个:		0x6e9f	是
第17个:		0xd7e9	是
第18个:		0x015e97	是
第19个:		0x03dd25	是
第20个:		0x06bc51	是
第21个:		0x09629d	是
第22个:		0x1f40f3	是
第23个:		0x37363d	是
第24个:		0x5225a3	是
第25个:		0xe565db	是
第26个:		0x01136df5	是
第27个:		0x027dfb65	是
第28个:		0x07d473e5	是
第29个:		0x0c5c86d7	是
第30个:		0x12720d5b	是

质数检测测试:

模加测试:
( 0xddad09d 	+	0x145b016	 ) % 0x5783ddd	=	0x43004f9	succeeded
( 0x24ead35 	+	0x14b3745	 ) % 0xc0fc403	=	0x399e47a	succeeded
( 0x4a51a92 	+	0x78caefa	 ) % 0x3487cd9	=	0x2585301	succeeded
( 0xcb78cbc 	+	0x1af9aef	 ) % 0x98b4034	=	0x4dbe777	succeeded
( 0x61f102f 	+	0x8b0bccf	 ) % 0x4ed4733	=	0x7f765	succeeded
( 0x69cc302 	+	0xe1b9374	 ) % 0x46e693e	=	0x2feb17e	succeeded
( 0xc919a91 	+	0x59490d	 ) % 0xd4add61	=	0xceae39e	succeeded
( 0x91dfaa0 	+	0x3b35340	 ) % 0x5673456	=	0x202e534	succeeded
( 0xb04083f 	+	0xed93dde	 ) % 0x430dadc	=	0xb824f5	succeeded
( 0x89b511 	+	0x29aab36	 ) % 0x4d7673	=	0x1dbfc9	succeeded
( 0x76e49f8 	+	0xfe57a63	 ) % 0x969aa97	=	0x4806f2d	succeeded
( 0x69a5b50 	+	0x4f69259	 ) % 0xcc6de81	=	0xb90eda9	succeeded
( 0xf26406 	+	0xd2811f0	 ) % 0xb72b928	=	0x2a7bcce	succeeded
( 0x9b36b7 	+	0x72d55a2	 ) % 0xfa7e2f3	=	0x7c88c59	succeeded
( 0xe26ca2c 	+	0x5e090bd	 ) % 0x612b246	=	0x1cf4417	succeeded
( 0x896b775 	+	0xe5ab5ba	 ) % 0x9dfd425	=	0x331c4e5	succeeded
( 0x3280a90 	+	0x5080138	 ) % 0x52870f3	=	0x3079ad5	succeeded
( 0xa060bd7 	+	0x3581541	 ) % 0x182d5af	=	0x14773a0	succeeded
( 0xd6cda65 	+	0x3d675f9	 ) % 0xfe20499	=	0x1614bc5	succeeded
( 0xf8c3c9e 	+	0xebe6ada	 ) % 0xc96b075	=	0x51d468e	succeeded
( 0xd899e89 	+	0x3071afd	 ) % 0x3479e61	=	0x2aa1a1	succeeded
( 0xc62b8bf 	+	0xd313d4a	 ) % 0xecd36d5	=	0xac6bf34	succeeded
( 0x76d3ed 	+	0x77793f4	 ) % 0x903400c	=	0x7ee67e1	succeeded
( 0xb53f020 	+	0x8566b42	 ) % 0xc8f6634	=	0x71af52e	succeeded
( 0xa11d5a0 	+	0x7a71490	 ) % 0xfdef914	=	0x1d9f11c	succeeded
( 0x52985fa 	+	0xa594e42	 ) % 0x384962a	=	0x1707b94	succeeded
( 0xc49e123 	+	0xb89466	 ) % 0xa9daafa	=	0x264ca8f	succeeded
( 0xdc6cfa2 	+	0x39cfc81	 ) % 0xa9fbe60	=	0x6c40dc3	succeeded
( 0x4bc9c14 	+	0xd64a9f8	 ) % 0xed41ed5	=	0x34d2737	succeeded
( 0x6020848 	+	0x336cec3	 ) % 0xf134708	=	0x938d70b	succeeded


模乘测试:
( 0x4deb87c4  *  0x25538a91  ) % 0xb69e6c2d 	=0xa43fe49b	succeeded:	0xa43fe49b
( 0x8aae227c  *  0x26b209a9  ) % 0x24297338 	=0x19c4f05c	succeeded:	0x19c4f05c
( 0x7e4f5a9f  *  0xb619ccf8  ) % 0x84eebfe6 	=0x70f96bd4	succeeded:	0x70f96bd4
( 0xa5742891  *  0x371a4f57  ) % 0x112cd2af 	=0x8c97a0a	succeeded:	0x08c97a0a
( 0x232dbff7  *  0x706d63c  ) % 0x8d0e3c7e 	=0x6dcb37c0	succeeded:	0x6dcb37c0
( 0x56cffdd9  *  0x2cd772b5  ) % 0x4eb6f6eb 	=0x2104f871	succeeded:	0x2104f871
( 0x4296353c  *  0x59743606  ) % 0x6eb6045 	=0x65ef4b8	succeeded:	0x065ef4b8
( 0xd61c92b2  *  0x1ae56a23  ) % 0x9c051799 	=0x29ff57c6	succeeded:	0x29ff57c6
( 0xc24baa17  *  0x568234bc  ) % 0x6d863ddc 	=0x402ffc80	succeeded:	0x402ffc80
( 0x180de865  *  0x4927e395  ) % 0x81687e8b 	=0x4a7d02b0	succeeded:	0x4a7d02b0
( 0x1837d9bd  *  0x71a365a9  ) % 0x82e141ac 	=0x45c31e99	succeeded:	0x45c31e99
( 0x66cc3e05  *  0xfd5e52ec  ) % 0x89de8b63 	=0x18c667e5	succeeded:	0x18c667e5
( 0xb32741e1  *  0xd8102358  ) % 0xbfad4bb2 	=0x9505fd7c	succeeded:	0x9505fd7c
( 0xdaadf665  *  0x477e5685  ) % 0xbb5a560c 	=0x70dcbd25	succeeded:	0x70dcbd25
( 0xa1216b8d  *  0x3f8b119d  ) % 0x68eb0743 	=0x49e07a31	succeeded:	0x49e07a31
( 0xea13fb51  *  0x29d9f114  ) % 0x8e1b5f17 	=0x102a1766	succeeded:	0x102a1766
( 0xb7bf611a  *  0xc5b82a70  ) % 0xaf43eb2c 	=0xa3a3ea5c	succeeded:	0xa3a3ea5c
( 0x987b444a  *  0x6727166c  ) % 0x1e2f6977 	=0xa583ffc	succeeded:	0x0a583ffc
( 0xaffd54b  *  0xc5fa03f1  ) % 0x4ed6e95d 	=0x3432b7df	succeeded:	0x3432b7df
( 0xe0f870f6  *  0xa83a6fac  ) % 0x8822ae49 	=0x5b382506	succeeded:	0x5b382506
0x74bb1293

模乘方测试:
( 0x228bbc03  **  0x5e13c1bf  ) % 0x56138f77 	=0x26906256
( 0xc3f9e72d  **  0x817f6a21  ) % 0xf2ee7df3 	=0x9f0e3f43
( 0x6358c1a2  **  0xbe5e457d  ) % 0x4df9276a 	=0x27d16b4c
( 0xbbf86984  **  0xe5d30d2c  ) % 0x9664ceac 	=0x694c4a40
( 0x8788d005  **  0xc105518e  ) % 0xb8e605b6 	=0xb29b69b7
( 0x99a9ec93  **  0x62b78b41  ) % 0xe7857b59 	=0xa53e3661
( 0xf421d1d7  **  0x23775596  ) % 0x78496c8 	=0x046d9cb9
( 0xec8c79d9  **  0xa72ee8bd  ) % 0x21f09361 	=0x0d880721
( 0x8dfed95a  **  0xa88d863a  ) % 0x1b6cd336 	=0x094c1d3c
( 0x236937e8  **  0x9857335b  ) % 0xa59592d0 	=0x77967790
( 0x17a14abb  **  0x2184041c  ) % 0x63488591 	=0x1a04cd95
( 0x41a11af3  **  0xc9a917a  ) % 0x90d90e3 	=0x01696cc8
( 0xf3f9d4df  **  0xfd03132c  ) % 0xa30409b1 	=0x2dc15953
( 0x5403a9e3  **  0xf039e244  ) % 0xe68d9bad 	=0x77bc798b
( 0xb39a1570  **  0xa54a5d82  ) % 0x17102334 	=0x05a2f398
( 0x5db0e868  **  0x3f5c1a56  ) % 0x1d8e01ec 	=0x0bd0c358
( 0xa103ca4a  **  0x53104c82  ) % 0x83582ae2 	=0x631f0512
( 0x859b657b  **  0x90dd5871  ) % 0x12f11453 	=0x0ae9058f
( 0x26bd21b  **  0x5ffd9988  ) % 0x1aac5148 	=0x0441bf41
( 0xd7fd93fa  **  0xe495370f  ) % 0x7903a33e 	=0x19ee5834

举例计算:
0x03ea25d0
0x8aaba4c7
0x290826ac
0x3f1c5d89

整数运算部分，测试完成

gcd测试:
hex(math.gcd( 0x12688766  ,  0x67ad7805  )) 	=0x01
hex(math.gcd( 0xa0f4d1d8  ,  0x67b9e036  )) 	=0x02
hex(math.gcd( 0x2a6fc901  ,  0xacaf0ff9  )) 	=0x01
hex(math.gcd( 0x6ef2372a  ,  0x4ee2ef0f  )) 	=0x01
hex(math.gcd( 0x30f2be9e  ,  0x5a00f4cb  )) 	=0x01
hex(math.gcd( 0xea71c578  ,  0x14e74cda  )) 	=0x02
hex(math.gcd( 0x806c1c03  ,  0x1a595bdc  )) 	=0x09
hex(math.gcd( 0x38e66a10  ,  0x8e3568cb  )) 	=0x01
hex(math.gcd( 0x38db3844  ,  0x7cb5f8aa  )) 	=0x06
hex(math.gcd( 0x6d4f56d8  ,  0xc8aa9b03  )) 	=0x01
hex(math.gcd( 0xb2411d23  ,  0xf43ed3b8  )) 	=0x01
hex(math.gcd( 0xbe0e76a8  ,  0x6e3e6987  )) 	=0x01
hex(math.gcd( 0x183620f6  ,  0x30aa9c64  )) 	=0x02
hex(math.gcd( 0xc663f1e0  ,  0xc32d9ab3  )) 	=0x09
hex(math.gcd( 0xe6fdf036  ,  0x368fcb49  )) 	=0x07
hex(math.gcd( 0xdb9a5d2f  ,  0xb3fba39f  )) 	=0x01
hex(math.gcd( 0x554b1311  ,  0x47c5dea9  )) 	=0x01
hex(math.gcd( 0x128dad88  ,  0x94a2f377  )) 	=0x03
hex(math.gcd( 0x16c910cd  ,  0xa76b8727  )) 	=0x01
hex(math.gcd( 0xd53206c9  ,  0xa4302a88  )) 	=0x05

求逆测试
求解13x = 1 mod (71-1)*(91-1)
x =0x0f25

用以上信息，生成一个公钥，对指定明文进行加密测试

加密成功!

对加密信息进行解密

解密成功!

加密运算部分，测试完成
